// Jest Snapshot v1, https://goo.gl/fbAQLP

exports[`Footer matches snapshot 1`] = `
<DocumentFragment>
  <footer
    class="sc-bdfBwQ bhFJQJ"
  >
    Calculator 2021
  </footer>
</DocumentFragment>
`;
